{
  "version": "1.5.0",
  "plugins_used": [
    {
      "name": "ArtifactoryDetector"
    },
    {
      "name": "AWSKeyDetector"
    },
    {
      "name": "AzureStorageKeyDetector"
    },
    {
      "name": "Base64HighEntropyString",
      "limit": 4.5
    },
    {
      "name": "BasicAuthDetector"
    },
    {
      "name": "CloudantDetector"
    },
    {
      "name": "DiscordBotTokenDetector"
    },
    {
      "name": "GitHubTokenDetector"
    },
    {
      "name": "GitLabTokenDetector"
    },
    {
      "name": "HexHighEntropyString",
      "limit": 3.0
    },
    {
      "name": "IbmCloudIamDetector"
    },
    {
      "name": "IbmCosHmacDetector"
    },
    {
      "name": "IPPublicDetector"
    },
    {
      "name": "JwtTokenDetector"
    },
    {
      "name": "KeywordDetector",
      "keyword_exclude": ""
    },
    {
      "name": "MailchimpDetector"
    },
    {
      "name": "NpmDetector"
    },
    {
      "name": "OpenAIDetector"
    },
    {
      "name": "PrivateKeyDetector"
    },
    {
      "name": "PypiTokenDetector"
    },
    {
      "name": "SendGridDetector"
    },
    {
      "name": "SlackDetector"
    },
    {
      "name": "SoftlayerDetector"
    },
    {
      "name": "SquareOAuthDetector"
    },
    {
      "name": "StripeDetector"
    },
    {
      "name": "TelegramBotTokenDetector"
    },
    {
      "name": "TwilioKeyDetector"
    }
  ],
  "filters_used": [
    {
      "path": "detect_secrets.filters.allowlist.is_line_allowlisted"
    },
    {
      "path": "detect_secrets.filters.common.is_baseline_file",
      "filename": ".secrets.baseline"
    },
    {
      "path": "detect_secrets.filters.common.is_ignored_due_to_verification_policies",
      "min_level": 2
    },
    {
      "path": "detect_secrets.filters.heuristic.is_indirect_reference"
    },
    {
      "path": "detect_secrets.filters.heuristic.is_likely_id_string"
    },
    {
      "path": "detect_secrets.filters.heuristic.is_lock_file"
    },
    {
      "path": "detect_secrets.filters.heuristic.is_not_alphanumeric_string"
    },
    {
      "path": "detect_secrets.filters.heuristic.is_potential_uuid"
    },
    {
      "path": "detect_secrets.filters.heuristic.is_prefixed_with_dollar_sign"
    },
    {
      "path": "detect_secrets.filters.heuristic.is_sequential_string"
    },
    {
      "path": "detect_secrets.filters.heuristic.is_swagger_file"
    },
    {
      "path": "detect_secrets.filters.heuristic.is_templated_secret"
    }
  ],
  "results": {
    "README.md": [
      {
        "type": "Secret Keyword",
        "filename": "README.md",
        "hashed_secret": "73140b88094aaf220a03532196b27b58a03c9b09",
        "is_verified": false,
        "line_number": 348
      }
    ],
    "deploy/.env.example": [
      {
        "type": "Basic Auth Credentials",
        "filename": "deploy/.env.example",
        "hashed_secret": "9d4e1e23bd5b727046a9e3b4b7db57bd8d6ee684",
        "is_verified": false,
        "line_number": 73
      }
    ],
    "deploy/compose/README.md": [
      {
        "type": "Basic Auth Credentials",
        "filename": "deploy/compose/README.md",
        "hashed_secret": "a2b47f9b69094f42f2c18d841aa03b3af68cf467",
        "is_verified": false,
        "line_number": 63
      }
    ],
    "deploy/compose/docker-compose.yaml": [
      {
        "type": "Secret Keyword",
        "filename": "deploy/compose/docker-compose.yaml",
        "hashed_secret": "a2b47f9b69094f42f2c18d841aa03b3af68cf467",
        "is_verified": false,
        "line_number": 153
      }
    ],
    "deploy/helm/README.md": [
      {
        "type": "Secret Keyword",
        "filename": "deploy/helm/README.md",
        "hashed_secret": "a2b47f9b69094f42f2c18d841aa03b3af68cf467",
        "is_verified": false,
        "line_number": 57
      }
    ],
    "deploy/helm/deployment-k8s/values.yaml": [
      {
        "type": "Secret Keyword",
        "filename": "deploy/helm/deployment-k8s/values.yaml",
        "hashed_secret": "4ec8fc01a883d5cfb76b31d75404d1f1da1c22b2",
        "is_verified": false,
        "line_number": 157
      }
    ],
    "docs/source/deployment/kubernetes.md": [
      {
        "type": "Secret Keyword",
        "filename": "docs/source/deployment/kubernetes.md",
        "hashed_secret": "a2b47f9b69094f42f2c18d841aa03b3af68cf467",
        "is_verified": false,
        "line_number": 49
      }
    ],
    "frontends/aiq_api/README.md": [
      {
        "type": "Basic Auth Credentials",
        "filename": "frontends/aiq_api/README.md",
        "hashed_secret": "9d4e1e23bd5b727046a9e3b4b7db57bd8d6ee684",
        "is_verified": false,
        "line_number": 21
      }
    ],
    "sources/google_scholar_paper_search/README.md": [
      {
        "type": "Secret Keyword",
        "filename": "sources/google_scholar_paper_search/README.md",
        "hashed_secret": "42110b77eaf9886a18dbddaa8c08ac7d2a1ac997",
        "is_verified": false,
        "line_number": 14
      }
    ],
    "sources/google_scholar_paper_search/src/paper_search.py": [
      {
        "type": "Secret Keyword",
        "filename": "sources/google_scholar_paper_search/src/paper_search.py",
        "hashed_secret": "11fa7c37d697f30e6aee828b4426a10f83ab2380",
        "is_verified": false,
        "line_number": 40
      }
    ],
    "sources/google_scholar_paper_search/tests/conftest.py": [
      {
        "type": "Secret Keyword",
        "filename": "sources/google_scholar_paper_search/tests/conftest.py",
        "hashed_secret": "2e7a7ee14caebf378fc32d6cf6f557f347c96773",
        "is_verified": false,
        "line_number": 26
      }
    ],
    "sources/google_scholar_paper_search/tests/test_paper_search.py": [
      {
        "type": "Secret Keyword",
        "filename": "sources/google_scholar_paper_search/tests/test_paper_search.py",
        "hashed_secret": "3acfb2c2b433c0ea7ff107e33df91b18e52f960f",
        "is_verified": false,
        "line_number": 33
      }
    ],
    "sources/knowledge_layer/KNOWLEDGE-LAYER-SETUP.md": [
      {
        "type": "Basic Auth Credentials",
        "filename": "sources/knowledge_layer/KNOWLEDGE-LAYER-SETUP.md",
        "hashed_secret": "9d4e1e23bd5b727046a9e3b4b7db57bd8d6ee684",
        "is_verified": false,
        "line_number": 383
      }
    ],
    "sources/knowledge_layer/src/foundational_rag/README.md": [
      {
        "type": "Secret Keyword",
        "filename": "sources/knowledge_layer/src/foundational_rag/README.md",
        "hashed_secret": "11fa7c37d697f30e6aee828b4426a10f83ab2380",
        "is_verified": false,
        "line_number": 69
      }
    ],
    "tests/aiq_agent/common/test_common_init.py": [
      {
        "type": "Basic Auth Credentials",
        "filename": "tests/aiq_agent/common/test_common_init.py",
        "hashed_secret": "9d4e1e23bd5b727046a9e3b4b7db57bd8d6ee684",
        "is_verified": false,
        "line_number": 230
      }
    ],
    "tests/knowledge_layer_tests/run_llamaindex.py": [
      {
        "type": "Secret Keyword",
        "filename": "tests/knowledge_layer_tests/run_llamaindex.py",
        "hashed_secret": "5a5358674c406acfb1276e689a4bc08e60b41e07",
        "is_verified": false,
        "line_number": 153
      }
    ],
    "tests/knowledge_layer_tests/run_llamaindex_api.py": [
      {
        "type": "Secret Keyword",
        "filename": "tests/knowledge_layer_tests/run_llamaindex_api.py",
        "hashed_secret": "2083c49ad8d63838a4d18f1de0c419f06eb464db",
        "is_verified": false,
        "line_number": 360
      }
    ],
    "tests/knowledge_layer_tests/test_summary_store.py": [
      {
        "type": "Basic Auth Credentials",
        "filename": "tests/knowledge_layer_tests/test_summary_store.py",
        "hashed_secret": "9d4e1e23bd5b727046a9e3b4b7db57bd8d6ee684",
        "is_verified": false,
        "line_number": 62
      }
    ]
  },
  "generated_at": "2026-06-01T15:04:00Z"
}
